// Jest Snapshot v1, https://goo.gl/fbAQLP

exports[`Lane component renders properly 1`] = `
<div>
  <div
    class="lane-container"
  >
    <h1>
      test name
    </h1>
    <div
      class="lane"
    >
      <div
        class="card"
        draggable="true"
      >
        test description 1
      </div>
      <div
        class="card"
        draggable="true"
      >
        test description 2
      </div>
      <div
        class="card"
        draggable="true"
      >
        test description 3
      </div>
    </div>
  </div>
</div>
`;
